  ▲ Next.js 14.2.35
  - Experiments (use with caution):
    · optimizeCss
    · scrollRestoration

   Creating an optimized production build ...
 ✓ Compiled successfully
   Linting and checking validity of types ...
   Collecting page data ...
   Generating static pages (0/7) ...
   Generating static pages (1/7) 

Error occurred prerendering page "/404". Read more: https://nextjs.org/docs/messages/prerender-error

Error: Cannot find module 'critters'
Require stack:
- C:\Users\Fast\OneDrive\Desktop\new smart land\node_modules\next\dist\compiled\next-server\pages.runtime.prod.js
- C:\Users\Fast\OneDrive\Desktop\new smart land\.next\server\pages\_document.js
- C:\Users\Fast\OneDrive\Desktop\new smart land\node_modules\next\dist\server\require.js
- C:\Users\Fast\OneDrive\Desktop\new smart land\node_modules\next\dist\server\load-components.js
- C:\Users\Fast\OneDrive\Desktop\new smart land\node_modules\next\dist\build\utils.js
- C:\Users\Fast\OneDrive\Desktop\new smart land\node_modules\next\dist\build\worker.js
- C:\Users\Fast\OneDrive\Desktop\new smart land\node_modules\next\dist\compiled\jest-worker\processChild.js
    at Module.<anonymous> (node:internal/modules/cjs/loader:1519:15)
    at C:\Users\Fast\OneDrive\Desktop\new smart land\node_modules\next\dist\server\require-hook.js:55:36
    at wrapResolveFilename (node:internal/modules/cjs/loader:1073:27)
    at defaultResolveImplForCJSLoading (node:internal/modules/cjs/loader:1097:10)
    at resolveForCJSWithHooks (node:internal/modules/cjs/loader:1124:12)
    at Module._load (node:internal/modules/cjs/loader:1296:5)
    at wrapModuleLoad (node:internal/modules/cjs/loader:255:19)
    at Module.<anonymous> (node:internal/modules/cjs/loader:1619:12)
    at mod.require (C:\Users\Fast\OneDrive\Desktop\new smart land\node_modules\next\dist\server\require-hook.js:65:28)
    at require (node:internal/modules/helpers:191:16)

Error occurred prerendering page "/500". Read more: https://nextjs.org/docs/messages/prerender-error

TypeError: r(...) is not a constructor
    at C:\Users\Fast\OneDrive\Desktop\new smart land\node_modules\next\dist\compiled\next-server\pages.runtime.prod.js:14:13131
    at u (C:\Users\Fast\OneDrive\Desktop\new smart land\node_modules\next\dist\compiled\next-server\pages.runtime.prod.js:14:13382)
    at async e3 (C:\Users\Fast\OneDrive\Desktop\new smart land\node_modules\next\dist\compiled\next-server\pages.runtime.prod.js:31:7193)
    at async exportPages (C:\Users\Fast\OneDrive\Desktop\new smart land\node_modules\next\dist\export\routes\pages.js:84:28)
    at async exportPageImpl (C:\Users\Fast\OneDrive\Desktop\new smart land\node_modules\next\dist\export\worker.js:206:16)
    at async Span.traceAsyncFn (C:\Users\Fast\OneDrive\Desktop\new smart land\node_modules\next\dist\trace\trace.js:154:20)
    at async Object.exportPage (C:\Users\Fast\OneDrive\Desktop\new smart land\node_modules\next\dist\export\worker.js:237:20)
   Generating static pages (3/7) 
   Generating static pages (5/7) 
 ✓ Generating static pages (7/7)

> Export encountered errors on following paths:
	/_error: /404
	/_error: /500
