  Γû▓ Next.js 14.2.35

   Creating an optimized production build ...
 Γ£ô Compiled successfully
   Linting and checking validity of types ...
   Collecting page data ...
   Generating static pages (0/6) ...
   Generating static pages (1/6) 
   Generating static pages (2/6) 
   Generating static pages (4/6) 
 Γ£ô Generating static pages (6/6)
   Finalizing page optimization ...
   Collecting build traces ...

Route (app)                              Size     First Load JS
Γöî Γùï /                                    14 kB           122 kB
Γö£ Γùï /_not-found                          873 B          88.1 kB
Γö£ Γùï /admin                               2.77 kB         101 kB
Γöö Γùï /methodology                         5.15 kB        92.4 kB
+ First Load JS shared by all            87.3 kB
  Γö£ chunks/117-f48404e42cb32be4.js       31.7 kB
  Γö£ chunks/fd9d1056-0807e69ea9c303ac.js  53.6 kB
  Γöö other shared chunks (total)          1.89 kB


Γùï  (Static)  prerendered as static content

