  Γû▓ Next.js 14.2.35
  - Environments: .env.local
  - Experiments (use with caution):
    ┬╖ optimizeCss
    ┬╖ scrollRestoration

   Creating an optimized production build ...
 Γ£ô Compiled successfully
   Linting and checking validity of types ...
Failed to compile.

./src/components/GoogleAnalytics.tsx:41:9
Type error: Type '{ async: true; src: string; strategy: string; }' is not assignable to type 'DetailedHTMLProps<ScriptHTMLAttributes<HTMLScriptElement>, HTMLScriptElement>'.
  Property 'strategy' does not exist on type 'DetailedHTMLProps<ScriptHTMLAttributes<HTMLScriptElement>, HTMLScriptElement>'.

  39 |         async
  40 |         src={`https://www.googletagmanager.com/gtag/js?id=${GA_ID}`}
> 41 |         strategy="afterInteractive"
     |         ^
  42 |       />
  43 |       <script
  44 |         id="google-analytics"
Next.js build worker exited with code: 1 and signal: null
